Main> [1..10]
[1, 2, 3, 4, 5, 6, 7, 8, 9, 10]
Main> [1,3..10]
[1, 3, 5, 7, 9]
Main> [10..1]
[10, 9, 8, 7, 6, 5, 4, 3, 2, 1]
Main> [10,9..20]
[]
Main> the (List Nat) [1..4]
[1, 2, 3, 4]
Main> the (List Nat) [4..1]
[4, 3, 2, 1]
Main> take 10 [1..]
[1, 2, 3, 4, 5, 6, 7, 8, 9, 10]
Main> take 10 [100,99..]
[100, 99, 98, 97, 96, 95, 94, 93, 92, 91]
Main> [1,3,5..10]
Parse error: Invalid list range syntax (next tokens: [end of input])
Main> [..10]
Parse error: Invalid list range syntax (next tokens: [end of input])
Main> :q
Bye for now!
